%!Adobe-FontList 1.16
%Locale:0x409

%BeginFont
Handler:DirectoryHandler
FontType:TrueType
FontName:ChangaOne-Italic
FamilyName:Changa One
StyleName:Italic
MenuName:Changa One
StyleBits:1
WeightClass:400
WidthClass:5
AngleClass:1
FullName:Changa One Italic
WritingScript:Roman
OutlineFileName:\ChangaOne-Italic.ttf
DataFormat:sfntData
FileLength:26728
FileModTime:1382772670
NameArray:0,Mac,4,Changa One Italic
NameArray:0,Win,1,Changa One
%EndFont

%BeginFont
Handler:DirectoryHandler
FontType:TrueType
FontName:ChangaOne
FamilyName:Changa One
StyleName:Regular
MenuName:Changa One
StyleBits:0
WeightClass:400
WidthClass:5
AngleClass:0
FullName:Changa One
WritingScript:Roman
OutlineFileName:\ChangaOne-Regular.ttf
DataFormat:sfntData
FileLength:22716
FileModTime:1382772670
NameArray:0,Mac,4,Changa One
NameArray:0,Win,1,Changa One
%EndFont

%BeginFont
Handler:DirectoryHandler
FontType:Type1
FontName:MinionPro-Regular
FamilyName:Minion Pro
StyleName:Regular
MenuName:Minion Pro
StyleBits:0
WeightClass:400
WidthClass:5
AngleClass:0
FullName:Minion Pro
WritingScript:Roman
OutlineFileName:\MinionPro-Regular.otf
DataFormat:sfntData
UsesStandardEncoding:yes
isCFF:yes
FileLength:218640
FileModTime:1390458084
DesignSize:110
NameArray:0,Mac,4,Minion Pro
NameArray:0,Win,1,Minion Pro
%EndFont

%BeginFont
Handler:DirectoryHandler
FontType:Type1
FontName:Raleway-Bold
FamilyName:Raleway
StyleName:Bold
MenuName:Raleway
StyleBits:2
WeightClass:700
WidthClass:5
AngleClass:0
FullName:Raleway Bold
WritingScript:Roman
OutlineFileName:\Raleway-Bold.otf
DataFormat:sfntData
UsesStandardEncoding:yes
isCFF:yes
FileLength:66088
FileModTime:1373435706
NameArray:0,Mac,4,Raleway Bold
NameArray:0,Win,1,Raleway
%EndFont

%BeginFont
Handler:DirectoryHandler
FontType:TrueType
FontName:Raleway-ExtraBold
FamilyName:Raleway
StyleName:ExtraBold
MenuName:Raleway
StyleBits:0
WeightClass:800
WidthClass:5
AngleClass:0
FullName:Raleway ExtraBold
WritingScript:Roman
OutlineFileName:\Raleway-ExtraBold.ttf
DataFormat:sfntData
FileLength:125136
FileModTime:1383192850
NameArray:0,Mac,18,Raleway ExtraBold
NameArray:0,Mac,4,Raleway ExtraBold
NameArray:0,Win,1,Raleway
%EndFont

%BeginFont
Handler:DirectoryHandler
FontType:TrueType
FontName:Raleway-Medium
FamilyName:Raleway
StyleName:Medium
MenuName:Raleway
StyleBits:0
WeightClass:500
WidthClass:5
AngleClass:0
FullName:Raleway Medium
WritingScript:Roman
OutlineFileName:\Raleway-Medium.ttf
DataFormat:sfntData
FileLength:129308
FileModTime:1383192850
NameArray:0,Mac,18,Raleway Medium
NameArray:0,Mac,4,Raleway Medium
NameArray:0,Win,1,Raleway
%EndFont

%BeginFont
Handler:DirectoryHandler
FontType:TrueType
FontName:TitanOne
FamilyName:Titan One
StyleName:Regular
MenuName:Titan One
StyleBits:0
WeightClass:400
WidthClass:5
AngleClass:0
FullName:Titan One
WritingScript:Roman
OutlineFileName:\TitanOne-Regular.ttf
DataFormat:sfntData
FileLength:55712
FileModTime:1395733024
NameArray:0,Mac,4,Titan One
NameArray:0,Win,1,Titan One
%EndFont

